// Jest Snapshot v1, https://goo.gl/fbAQLP

exports[`Article list tests renders correctly 1`] = `
<div>
  <div>
    <div />
    <div />
    <a
      href={undefined}
    >
      <div>
         
      </div>
    </a>
    <div />
  </div>
  <div>
    <div />
    <div />
    <a
      href={undefined}
    >
      <div>
         
      </div>
    </a>
    <div />
  </div>
</div>
`;
